// Jest Snapshot v1, https://goo.gl/fbAQLP

exports[`Pruebas en <MultipleCustomHooks/> debe de mostrarse correctamente 1`] = `
<div>
  <h1>
    Multiple Custom Hooks
  </h1>
  <h2>
    breakingbad Quotes
  </h2>
  <hr />
  <div
    className="loading"
  >
    Loading...
  </div>
</div>
`;
