// Jest Snapshot v1, https://goo.gl/fbAQLP

exports[`Pruebas en <TodoApp/> Debe de mostrarse correctamente 1`] = `
<div>
  <h1>
    TodoApp (
    0
    )
  </h1>
  <TodoAdd
    handleAdd={[Function]}
  />
  <hr />
  <TodoList
    handleDelete={[Function]}
    handleToggle={[Function]}
    todos={Array []}
  />
</div>
`;
